// Jest Snapshot v1, https://goo.gl/fbAQLP

exports[`Expert SignUp page should match the snapshot 1`] = `
<div
  className="container-fluid"
>
  <div
    className="row"
  >
    <div
      className="col-md-4"
    />
    <div
      className="col"
    >
      <div
        className="sc-bdVaJa fOsasd"
      >
        <div
          className="card"
        >
          <h5
            className="card-header"
          >
            Expert Registration
          </h5>
          <div
            className="card-body"
          >
            <form
              className=""
              noValidate={true}
              onSubmit={[Function]}
            >
              <div
                className="form-group"
              >
                <label
                  className="form-label col-form-label col"
                >
                  First Name
                </label>
                <input
                  className="form-control"
                  name="firstName"
                  onBlur={[Function]}
                  onChange={[Function]}
                  placeholder="your name"
                  type="text"
                  value="Diego"
                />
                <div
                  className="valid-feedback"
                >
                  Looks good!
                </div>
                <div
                  className="invalid-feedback"
                />
              </div>
              <div
                className="form-group"
              >
                <label
                  className="form-label col-form-label col"
                >
                  Last Name
                </label>
                <input
                  className="form-control"
                  name="lastName"
                  onBlur={[Function]}
                  onChange={[Function]}
                  placeholder="your last name"
                  type="text"
                  value="Romero"
                />
                <div
                  className="valid-feedback"
                >
                  Looks good!
                </div>
                <div
                  className="invalid-feedback"
                />
              </div>
              <div
                className="form-group"
              >
                <label
                  className="form-label col-form-label col"
                >
                  Email address
                </label>
                <input
                  className="form-control"
                  name="email"
                  onBlur={[Function]}
                  onChange={[Function]}
                  placeholder="Enter email"
                  type="email"
                  value="hola@mail.com"
                />
                <div
                  className="valid-feedback"
                >
                  Looks good!
                </div>
                <div
                  className="invalid-feedback"
                />
              </div>
              <div
                className="form-group"
              >
                <label
                  className="form-label col-form-label col"
                >
                  Password
                </label>
                <input
                  className="form-control"
                  name="password"
                  onBlur={[Function]}
                  onChange={[Function]}
                  type="password"
                  value="Testing123!"
                />
                <div
                  className="valid-feedback"
                >
                  Looks good!
                </div>
                <div
                  className="invalid-feedback"
                />
                <small
                  className="text-muted form-text"
                >
                  Password needs to have numbers and letters
                </small>
              </div>
              <div
                className="form-group"
              >
                <label
                  className="form-label col-form-label col"
                >
                  Password Confirmation
                </label>
                <input
                  className="form-control"
                  name="passwordConfirm"
                  onBlur={[Function]}
                  onChange={[Function]}
                  type="password"
                  value="Testing123!"
                />
                <div
                  className="valid-feedback"
                >
                  Looks good!
                </div>
                <div
                  className="invalid-feedback"
                />
                <small
                  className="text-muted form-text"
                >
                  Passwords need to match
                </small>
              </div>
              <div
                className="form-group"
              >
                <label
                  className="form-label col-form-label col"
                >
                  Expertise
                </label>
                <div
                  className=" css-2b097c-container"
                  onKeyDown={[Function]}
                >
                  <div
                    className=" css-yk16xz-control"
                    onMouseDown={[Function]}
                    onTouchEnd={[Function]}
                  >
                    <div
                      className=" css-1hwfws3"
                    >
                      <div
                        className=" css-1wa3eu0-placeholder"
                      >
                        Select...
                      </div>
                      <div
                        className="css-w8afj7-Input"
                      >
                        <div
                          className=""
                          style={
                            Object {
                              "display": "inline-block",
                            }
                          }
                        >
                          <input
                            aria-autocomplete="list"
                            autoCapitalize="none"
                            autoComplete="off"
                            autoCorrect="off"
                            disabled={false}
                            id="react-select-2-input"
                            onBlur={[Function]}
                            onChange={[Function]}
                            onFocus={[Function]}
                            spellCheck="false"
                            style={
                              Object {
                                "background": 0,
                                "border": 0,
                                "boxSizing": "content-box",
                                "color": "inherit",
                                "fontSize": "inherit",
                                "label": "input",
                                "opacity": 1,
                                "outline": 0,
                                "padding": 0,
                                "width": "1px",
                              }
                            }
                            tabIndex="0"
                            type="text"
                            value=""
                          />
                          <div
                            style={
                              Object {
                                "height": 0,
                                "left": 0,
                                "overflow": "scroll",
                                "position": "absolute",
                                "top": 0,
                                "visibility": "hidden",
                                "whiteSpace": "pre",
                              }
                            }
                          >
                            
                          </div>
                        </div>
                      </div>
                    </div>
                    <div
                      className=" css-1g48xl4-IndicatorsContainer"
                    >
                      <span
                        className=" css-1okebmr-indicatorSeparator"
                      />
                      <div
                        aria-hidden="true"
                        className=" css-tlfecz-indicatorContainer"
                        onMouseDown={[Function]}
                        onTouchEnd={[Function]}
                      >
                        <svg
                          aria-hidden="true"
                          className="css-tj5bde-Svg"
                          focusable="false"
                          height={20}
                          viewBox="0 0 20 20"
                          width={20}
                        >
                          <path
                            d="M4.516 7.548c0.436-0.446 1.043-0.481 1.576 0l3.908 3.747 3.908-3.747c0.533-0.481 1.141-0.446 1.574 0 0.436 0.445 0.408 1.197 0 1.615-0.406 0.418-4.695 4.502-4.695 4.502-0.217 0.223-0.502 0.335-0.787 0.335s-0.57-0.112-0.789-0.335c0 0-4.287-4.084-4.695-4.502s-0.436-1.17 0-1.615z"
                          />
                        </svg>
                      </div>
                    </div>
                  </div>
                  <div>
                    <input
                      name="isAnExpertIn"
                      type="hidden"
                    />
                  </div>
                </div>
                <div
                  className="valid-feedback"
                >
                  Looks good!
                </div>
                <div
                  className="invalid-feedback"
                />
              </div>
              <div
                className="form-group"
              >
                <label
                  className="form-label col-form-label col"
                >
                  Your Description
                </label>
                <textarea
                  className="form-control"
                  name="description"
                  onBlur={[Function]}
                  onChange={[Function]}
                  rows={4}
                  type="text"
                  value="blah blah blah"
                />
                <div
                  className="valid-feedback"
                >
                  Looks good!
                </div>
                <div
                  className="invalid-feedback"
                />
              </div>
              <div
                className="form-group"
              >
                <label
                  className="form-label col-form-label col"
                >
                  Phone
                </label>
                <input
                  className="form-control"
                  name="phone"
                  onBlur={[Function]}
                  onChange={[Function]}
                  placeholder="Enter phone"
                  type="text"
                  value="07413140789"
                />
                <div
                  className="valid-feedback"
                >
                  Looks good!
                </div>
                <div
                  className="invalid-feedback"
                />
              </div>
              <div
                className="form-group"
              >
                <label
                  className="form-label col-form-label col"
                >
                  Monday
                   Availability
                </label>
                <div
                  className=" css-2b097c-container"
                  onKeyDown={[Function]}
                >
                  <div
                    className=" css-yk16xz-control"
                    onMouseDown={[Function]}
                    onTouchEnd={[Function]}
                  >
                    <div
                      className=" css-1hwfws3"
                    >
                      <div
                        className=" css-1wa3eu0-placeholder"
                      >
                        Select...
                      </div>
                      <div
                        className="css-w8afj7-Input"
                      >
                        <div
                          className=""
                          style={
                            Object {
                              "display": "inline-block",
                            }
                          }
                        >
                          <input
                            aria-autocomplete="list"
                            autoCapitalize="none"
                            autoComplete="off"
                            autoCorrect="off"
                            disabled={false}
                            id="react-select-3-input"
                            onBlur={[Function]}
                            onChange={[Function]}
                            onFocus={[Function]}
                            spellCheck="false"
                            style={
                              Object {
                                "background": 0,
                                "border": 0,
                                "boxSizing": "content-box",
                                "color": "inherit",
                                "fontSize": "inherit",
                                "label": "input",
                                "opacity": 1,
                                "outline": 0,
                                "padding": 0,
                                "width": "1px",
                              }
                            }
                            tabIndex="0"
                            type="text"
                            value=""
                          />
                          <div
                            style={
                              Object {
                                "height": 0,
                                "left": 0,
                                "overflow": "scroll",
                                "position": "absolute",
                                "top": 0,
                                "visibility": "hidden",
                                "whiteSpace": "pre",
                              }
                            }
                          >
                            
                          </div>
                        </div>
                      </div>
                    </div>
                    <div
                      className=" css-1g48xl4-IndicatorsContainer"
                    >
                      <span
                        className=" css-1okebmr-indicatorSeparator"
                      />
                      <div
                        aria-hidden="true"
                        className=" css-tlfecz-indicatorContainer"
                        onMouseDown={[Function]}
                        onTouchEnd={[Function]}
                      >
                        <svg
                          aria-hidden="true"
                          className="css-tj5bde-Svg"
                          focusable="false"
                          height={20}
                          viewBox="0 0 20 20"
                          width={20}
                        >
                          <path
                            d="M4.516 7.548c0.436-0.446 1.043-0.481 1.576 0l3.908 3.747 3.908-3.747c0.533-0.481 1.141-0.446 1.574 0 0.436 0.445 0.408 1.197 0 1.615-0.406 0.418-4.695 4.502-4.695 4.502-0.217 0.223-0.502 0.335-0.787 0.335s-0.57-0.112-0.789-0.335c0 0-4.287-4.084-4.695-4.502s-0.436-1.17 0-1.615z"
                          />
                        </svg>
                      </div>
                    </div>
                  </div>
                  <div>
                    <input
                      name="weeklyAvailability.monday"
                      type="hidden"
                    />
                  </div>
                </div>
              </div>
              <div
                className="form-group"
              >
                <label
                  className="form-label col-form-label col"
                >
                  Tuesday
                   Availability
                </label>
                <div
                  className=" css-2b097c-container"
                  onKeyDown={[Function]}
                >
                  <div
                    className=" css-yk16xz-control"
                    onMouseDown={[Function]}
                    onTouchEnd={[Function]}
                  >
                    <div
                      className=" css-1hwfws3"
                    >
                      <div
                        className=" css-1wa3eu0-placeholder"
                      >
                        Select...
                      </div>
                      <div
                        className="css-w8afj7-Input"
                      >
                        <div
                          className=""
                          style={
                            Object {
                              "display": "inline-block",
                            }
                          }
                        >
                          <input
                            aria-autocomplete="list"
                            autoCapitalize="none"
                            autoComplete="off"
                            autoCorrect="off"
                            disabled={false}
                            id="react-select-4-input"
                            onBlur={[Function]}
                            onChange={[Function]}
                            onFocus={[Function]}
                            spellCheck="false"
                            style={
                              Object {
                                "background": 0,
                                "border": 0,
                                "boxSizing": "content-box",
                                "color": "inherit",
                                "fontSize": "inherit",
                                "label": "input",
                                "opacity": 1,
                                "outline": 0,
                                "padding": 0,
                                "width": "1px",
                              }
                            }
                            tabIndex="0"
                            type="text"
                            value=""
                          />
                          <div
                            style={
                              Object {
                                "height": 0,
                                "left": 0,
                                "overflow": "scroll",
                                "position": "absolute",
                                "top": 0,
                                "visibility": "hidden",
                                "whiteSpace": "pre",
                              }
                            }
                          >
                            
                          </div>
                        </div>
                      </div>
                    </div>
                    <div
                      className=" css-1g48xl4-IndicatorsContainer"
                    >
                      <span
                        className=" css-1okebmr-indicatorSeparator"
                      />
                      <div
                        aria-hidden="true"
                        className=" css-tlfecz-indicatorContainer"
                        onMouseDown={[Function]}
                        onTouchEnd={[Function]}
                      >
                        <svg
                          aria-hidden="true"
                          className="css-tj5bde-Svg"
                          focusable="false"
                          height={20}
                          viewBox="0 0 20 20"
                          width={20}
                        >
                          <path
                            d="M4.516 7.548c0.436-0.446 1.043-0.481 1.576 0l3.908 3.747 3.908-3.747c0.533-0.481 1.141-0.446 1.574 0 0.436 0.445 0.408 1.197 0 1.615-0.406 0.418-4.695 4.502-4.695 4.502-0.217 0.223-0.502 0.335-0.787 0.335s-0.57-0.112-0.789-0.335c0 0-4.287-4.084-4.695-4.502s-0.436-1.17 0-1.615z"
                          />
                        </svg>
                      </div>
                    </div>
                  </div>
                  <div>
                    <input
                      name="weeklyAvailability.tuesday"
                      type="hidden"
                    />
                  </div>
                </div>
              </div>
              <div
                className="form-group"
              >
                <label
                  className="form-label col-form-label col"
                >
                  Wednesday
                   Availability
                </label>
                <div
                  className=" css-2b097c-container"
                  onKeyDown={[Function]}
                >
                  <div
                    className=" css-yk16xz-control"
                    onMouseDown={[Function]}
                    onTouchEnd={[Function]}
                  >
                    <div
                      className=" css-1hwfws3"
                    >
                      <div
                        className=" css-1wa3eu0-placeholder"
                      >
                        Select...
                      </div>
                      <div
                        className="css-w8afj7-Input"
                      >
                        <div
                          className=""
                          style={
                            Object {
                              "display": "inline-block",
                            }
                          }
                        >
                          <input
                            aria-autocomplete="list"
                            autoCapitalize="none"
                            autoComplete="off"
                            autoCorrect="off"
                            disabled={false}
                            id="react-select-5-input"
                            onBlur={[Function]}
                            onChange={[Function]}
                            onFocus={[Function]}
                            spellCheck="false"
                            style={
                              Object {
                                "background": 0,
                                "border": 0,
                                "boxSizing": "content-box",
                                "color": "inherit",
                                "fontSize": "inherit",
                                "label": "input",
                                "opacity": 1,
                                "outline": 0,
                                "padding": 0,
                                "width": "1px",
                              }
                            }
                            tabIndex="0"
                            type="text"
                            value=""
                          />
                          <div
                            style={
                              Object {
                                "height": 0,
                                "left": 0,
                                "overflow": "scroll",
                                "position": "absolute",
                                "top": 0,
                                "visibility": "hidden",
                                "whiteSpace": "pre",
                              }
                            }
                          >
                            
                          </div>
                        </div>
                      </div>
                    </div>
                    <div
                      className=" css-1g48xl4-IndicatorsContainer"
                    >
                      <span
                        className=" css-1okebmr-indicatorSeparator"
                      />
                      <div
                        aria-hidden="true"
                        className=" css-tlfecz-indicatorContainer"
                        onMouseDown={[Function]}
                        onTouchEnd={[Function]}
                      >
                        <svg
                          aria-hidden="true"
                          className="css-tj5bde-Svg"
                          focusable="false"
                          height={20}
                          viewBox="0 0 20 20"
                          width={20}
                        >
                          <path
                            d="M4.516 7.548c0.436-0.446 1.043-0.481 1.576 0l3.908 3.747 3.908-3.747c0.533-0.481 1.141-0.446 1.574 0 0.436 0.445 0.408 1.197 0 1.615-0.406 0.418-4.695 4.502-4.695 4.502-0.217 0.223-0.502 0.335-0.787 0.335s-0.57-0.112-0.789-0.335c0 0-4.287-4.084-4.695-4.502s-0.436-1.17 0-1.615z"
                          />
                        </svg>
                      </div>
                    </div>
                  </div>
                  <div>
                    <input
                      name="weeklyAvailability.wednesday"
                      type="hidden"
                    />
                  </div>
                </div>
              </div>
              <div
                className="form-group"
              >
                <label
                  className="form-label col-form-label col"
                >
                  Thursday
                   Availability
                </label>
                <div
                  className=" css-2b097c-container"
                  onKeyDown={[Function]}
                >
                  <div
                    className=" css-yk16xz-control"
                    onMouseDown={[Function]}
                    onTouchEnd={[Function]}
                  >
                    <div
                      className=" css-1hwfws3"
                    >
                      <div
                        className=" css-1wa3eu0-placeholder"
                      >
                        Select...
                      </div>
                      <div
                        className="css-w8afj7-Input"
                      >
                        <div
                          className=""
                          style={
                            Object {
                              "display": "inline-block",
                            }
                          }
                        >
                          <input
                            aria-autocomplete="list"
                            autoCapitalize="none"
                            autoComplete="off"
                            autoCorrect="off"
                            disabled={false}
                            id="react-select-6-input"
                            onBlur={[Function]}
                            onChange={[Function]}
                            onFocus={[Function]}
                            spellCheck="false"
                            style={
                              Object {
                                "background": 0,
                                "border": 0,
                                "boxSizing": "content-box",
                                "color": "inherit",
                                "fontSize": "inherit",
                                "label": "input",
                                "opacity": 1,
                                "outline": 0,
                                "padding": 0,
                                "width": "1px",
                              }
                            }
                            tabIndex="0"
                            type="text"
                            value=""
                          />
                          <div
                            style={
                              Object {
                                "height": 0,
                                "left": 0,
                                "overflow": "scroll",
                                "position": "absolute",
                                "top": 0,
                                "visibility": "hidden",
                                "whiteSpace": "pre",
                              }
                            }
                          >
                            
                          </div>
                        </div>
                      </div>
                    </div>
                    <div
                      className=" css-1g48xl4-IndicatorsContainer"
                    >
                      <span
                        className=" css-1okebmr-indicatorSeparator"
                      />
                      <div
                        aria-hidden="true"
                        className=" css-tlfecz-indicatorContainer"
                        onMouseDown={[Function]}
                        onTouchEnd={[Function]}
                      >
                        <svg
                          aria-hidden="true"
                          className="css-tj5bde-Svg"
                          focusable="false"
                          height={20}
                          viewBox="0 0 20 20"
                          width={20}
                        >
                          <path
                            d="M4.516 7.548c0.436-0.446 1.043-0.481 1.576 0l3.908 3.747 3.908-3.747c0.533-0.481 1.141-0.446 1.574 0 0.436 0.445 0.408 1.197 0 1.615-0.406 0.418-4.695 4.502-4.695 4.502-0.217 0.223-0.502 0.335-0.787 0.335s-0.57-0.112-0.789-0.335c0 0-4.287-4.084-4.695-4.502s-0.436-1.17 0-1.615z"
                          />
                        </svg>
                      </div>
                    </div>
                  </div>
                  <div>
                    <input
                      name="weeklyAvailability.thursday"
                      type="hidden"
                    />
                  </div>
                </div>
              </div>
              <div
                className="form-group"
              >
                <label
                  className="form-label col-form-label col"
                >
                  Friday
                   Availability
                </label>
                <div
                  className=" css-2b097c-container"
                  onKeyDown={[Function]}
                >
                  <div
                    className=" css-yk16xz-control"
                    onMouseDown={[Function]}
                    onTouchEnd={[Function]}
                  >
                    <div
                      className=" css-1hwfws3"
                    >
                      <div
                        className=" css-1wa3eu0-placeholder"
                      >
                        Select...
                      </div>
                      <div
                        className="css-w8afj7-Input"
                      >
                        <div
                          className=""
                          style={
                            Object {
                              "display": "inline-block",
                            }
                          }
                        >
                          <input
                            aria-autocomplete="list"
                            autoCapitalize="none"
                            autoComplete="off"
                            autoCorrect="off"
                            disabled={false}
                            id="react-select-7-input"
                            onBlur={[Function]}
                            onChange={[Function]}
                            onFocus={[Function]}
                            spellCheck="false"
                            style={
                              Object {
                                "background": 0,
                                "border": 0,
                                "boxSizing": "content-box",
                                "color": "inherit",
                                "fontSize": "inherit",
                                "label": "input",
                                "opacity": 1,
                                "outline": 0,
                                "padding": 0,
                                "width": "1px",
                              }
                            }
                            tabIndex="0"
                            type="text"
                            value=""
                          />
                          <div
                            style={
                              Object {
                                "height": 0,
                                "left": 0,
                                "overflow": "scroll",
                                "position": "absolute",
                                "top": 0,
                                "visibility": "hidden",
                                "whiteSpace": "pre",
                              }
                            }
                          >
                            
                          </div>
                        </div>
                      </div>
                    </div>
                    <div
                      className=" css-1g48xl4-IndicatorsContainer"
                    >
                      <span
                        className=" css-1okebmr-indicatorSeparator"
                      />
                      <div
                        aria-hidden="true"
                        className=" css-tlfecz-indicatorContainer"
                        onMouseDown={[Function]}
                        onTouchEnd={[Function]}
                      >
                        <svg
                          aria-hidden="true"
                          className="css-tj5bde-Svg"
                          focusable="false"
                          height={20}
                          viewBox="0 0 20 20"
                          width={20}
                        >
                          <path
                            d="M4.516 7.548c0.436-0.446 1.043-0.481 1.576 0l3.908 3.747 3.908-3.747c0.533-0.481 1.141-0.446 1.574 0 0.436 0.445 0.408 1.197 0 1.615-0.406 0.418-4.695 4.502-4.695 4.502-0.217 0.223-0.502 0.335-0.787 0.335s-0.57-0.112-0.789-0.335c0 0-4.287-4.084-4.695-4.502s-0.436-1.17 0-1.615z"
                          />
                        </svg>
                      </div>
                    </div>
                  </div>
                  <div>
                    <input
                      name="weeklyAvailability.friday"
                      type="hidden"
                    />
                  </div>
                </div>
              </div>
              <div
                className="form-group"
              >
                <label
                  className="form-label col-form-label col"
                >
                  Saturday
                   Availability
                </label>
                <div
                  className=" css-2b097c-container"
                  onKeyDown={[Function]}
                >
                  <div
                    className=" css-yk16xz-control"
                    onMouseDown={[Function]}
                    onTouchEnd={[Function]}
                  >
                    <div
                      className=" css-1hwfws3"
                    >
                      <div
                        className=" css-1wa3eu0-placeholder"
                      >
                        Select...
                      </div>
                      <div
                        className="css-w8afj7-Input"
                      >
                        <div
                          className=""
                          style={
                            Object {
                              "display": "inline-block",
                            }
                          }
                        >
                          <input
                            aria-autocomplete="list"
                            autoCapitalize="none"
                            autoComplete="off"
                            autoCorrect="off"
                            disabled={false}
                            id="react-select-8-input"
                            onBlur={[Function]}
                            onChange={[Function]}
                            onFocus={[Function]}
                            spellCheck="false"
                            style={
                              Object {
                                "background": 0,
                                "border": 0,
                                "boxSizing": "content-box",
                                "color": "inherit",
                                "fontSize": "inherit",
                                "label": "input",
                                "opacity": 1,
                                "outline": 0,
                                "padding": 0,
                                "width": "1px",
                              }
                            }
                            tabIndex="0"
                            type="text"
                            value=""
                          />
                          <div
                            style={
                              Object {
                                "height": 0,
                                "left": 0,
                                "overflow": "scroll",
                                "position": "absolute",
                                "top": 0,
                                "visibility": "hidden",
                                "whiteSpace": "pre",
                              }
                            }
                          >
                            
                          </div>
                        </div>
                      </div>
                    </div>
                    <div
                      className=" css-1g48xl4-IndicatorsContainer"
                    >
                      <span
                        className=" css-1okebmr-indicatorSeparator"
                      />
                      <div
                        aria-hidden="true"
                        className=" css-tlfecz-indicatorContainer"
                        onMouseDown={[Function]}
                        onTouchEnd={[Function]}
                      >
                        <svg
                          aria-hidden="true"
                          className="css-tj5bde-Svg"
                          focusable="false"
                          height={20}
                          viewBox="0 0 20 20"
                          width={20}
                        >
                          <path
                            d="M4.516 7.548c0.436-0.446 1.043-0.481 1.576 0l3.908 3.747 3.908-3.747c0.533-0.481 1.141-0.446 1.574 0 0.436 0.445 0.408 1.197 0 1.615-0.406 0.418-4.695 4.502-4.695 4.502-0.217 0.223-0.502 0.335-0.787 0.335s-0.57-0.112-0.789-0.335c0 0-4.287-4.084-4.695-4.502s-0.436-1.17 0-1.615z"
                          />
                        </svg>
                      </div>
                    </div>
                  </div>
                  <div>
                    <input
                      name="weeklyAvailability.saturday"
                      type="hidden"
                    />
                  </div>
                </div>
              </div>
              <div
                className="form-group"
              >
                <label
                  className="form-label col-form-label col"
                >
                  Sunday
                   Availability
                </label>
                <div
                  className=" css-2b097c-container"
                  onKeyDown={[Function]}
                >
                  <div
                    className=" css-yk16xz-control"
                    onMouseDown={[Function]}
                    onTouchEnd={[Function]}
                  >
                    <div
                      className=" css-1hwfws3"
                    >
                      <div
                        className=" css-1wa3eu0-placeholder"
                      >
                        Select...
                      </div>
                      <div
                        className="css-w8afj7-Input"
                      >
                        <div
                          className=""
                          style={
                            Object {
                              "display": "inline-block",
                            }
                          }
                        >
                          <input
                            aria-autocomplete="list"
                            autoCapitalize="none"
                            autoComplete="off"
                            autoCorrect="off"
                            disabled={false}
                            id="react-select-9-input"
                            onBlur={[Function]}
                            onChange={[Function]}
                            onFocus={[Function]}
                            spellCheck="false"
                            style={
                              Object {
                                "background": 0,
                                "border": 0,
                                "boxSizing": "content-box",
                                "color": "inherit",
                                "fontSize": "inherit",
                                "label": "input",
                                "opacity": 1,
                                "outline": 0,
                                "padding": 0,
                                "width": "1px",
                              }
                            }
                            tabIndex="0"
                            type="text"
                            value=""
                          />
                          <div
                            style={
                              Object {
                                "height": 0,
                                "left": 0,
                                "overflow": "scroll",
                                "position": "absolute",
                                "top": 0,
                                "visibility": "hidden",
                                "whiteSpace": "pre",
                              }
                            }
                          >
                            
                          </div>
                        </div>
                      </div>
                    </div>
                    <div
                      className=" css-1g48xl4-IndicatorsContainer"
                    >
                      <span
                        className=" css-1okebmr-indicatorSeparator"
                      />
                      <div
                        aria-hidden="true"
                        className=" css-tlfecz-indicatorContainer"
                        onMouseDown={[Function]}
                        onTouchEnd={[Function]}
                      >
                        <svg
                          aria-hidden="true"
                          className="css-tj5bde-Svg"
                          focusable="false"
                          height={20}
                          viewBox="0 0 20 20"
                          width={20}
                        >
                          <path
                            d="M4.516 7.548c0.436-0.446 1.043-0.481 1.576 0l3.908 3.747 3.908-3.747c0.533-0.481 1.141-0.446 1.574 0 0.436 0.445 0.408 1.197 0 1.615-0.406 0.418-4.695 4.502-4.695 4.502-0.217 0.223-0.502 0.335-0.787 0.335s-0.57-0.112-0.789-0.335c0 0-4.287-4.084-4.695-4.502s-0.436-1.17 0-1.615z"
                          />
                        </svg>
                      </div>
                    </div>
                  </div>
                  <div>
                    <input
                      name="weeklyAvailability.sunday"
                      type="hidden"
                    />
                  </div>
                </div>
              </div>
              <div
                className="form-group"
              >
                <label
                  className="form-label col-form-label col"
                >
                  Monday Availability
                </label>
                <div
                  className=" css-2b097c-container"
                  onKeyDown={[Function]}
                >
                  <div
                    className=" css-yk16xz-control"
                    onMouseDown={[Function]}
                    onTouchEnd={[Function]}
                  >
                    <div
                      className=" css-1hwfws3"
                    >
                      <div
                        className=" css-1wa3eu0-placeholder"
                      >
                        Select...
                      </div>
                      <div
                        className="css-w8afj7-Input"
                      >
                        <div
                          className=""
                          style={
                            Object {
                              "display": "inline-block",
                            }
                          }
                        >
                          <input
                            aria-autocomplete="list"
                            autoCapitalize="none"
                            autoComplete="off"
                            autoCorrect="off"
                            disabled={false}
                            id="react-select-10-input"
                            onBlur={[Function]}
                            onChange={[Function]}
                            onFocus={[Function]}
                            spellCheck="false"
                            style={
                              Object {
                                "background": 0,
                                "border": 0,
                                "boxSizing": "content-box",
                                "color": "inherit",
                                "fontSize": "inherit",
                                "label": "input",
                                "opacity": 1,
                                "outline": 0,
                                "padding": 0,
                                "width": "1px",
                              }
                            }
                            tabIndex="0"
                            type="text"
                            value=""
                          />
                          <div
                            style={
                              Object {
                                "height": 0,
                                "left": 0,
                                "overflow": "scroll",
                                "position": "absolute",
                                "top": 0,
                                "visibility": "hidden",
                                "whiteSpace": "pre",
                              }
                            }
                          >
                            
                          </div>
                        </div>
                      </div>
                    </div>
                    <div
                      className=" css-1g48xl4-IndicatorsContainer"
                    >
                      <span
                        className=" css-1okebmr-indicatorSeparator"
                      />
                      <div
                        aria-hidden="true"
                        className=" css-tlfecz-indicatorContainer"
                        onMouseDown={[Function]}
                        onTouchEnd={[Function]}
                      >
                        <svg
                          aria-hidden="true"
                          className="css-tj5bde-Svg"
                          focusable="false"
                          height={20}
                          viewBox="0 0 20 20"
                          width={20}
                        >
                          <path
                            d="M4.516 7.548c0.436-0.446 1.043-0.481 1.576 0l3.908 3.747 3.908-3.747c0.533-0.481 1.141-0.446 1.574 0 0.436 0.445 0.408 1.197 0 1.615-0.406 0.418-4.695 4.502-4.695 4.502-0.217 0.223-0.502 0.335-0.787 0.335s-0.57-0.112-0.789-0.335c0 0-4.287-4.084-4.695-4.502s-0.436-1.17 0-1.615z"
                          />
                        </svg>
                      </div>
                    </div>
                  </div>
                  <div>
                    <input
                      name="weeklyAvailability.monday"
                      type="hidden"
                    />
                  </div>
                </div>
              </div>
              <button
                className="btn btn-outline-primary btn-block"
                disabled={false}
                type="submit"
              >
                Register
              </button>
            </form>
          </div>
        </div>
      </div>
    </div>
    <div
      className="col-md-4"
    />
  </div>
</div>
`;
