// Jest Snapshot v1, https://goo.gl/fbAQLP

exports[`Expert SignUp page should match the snapshot 1`] = `
<div
  className="container-fluid"
>
  <div
    className="row"
  >
    <div
      className="col-md-4"
    />
    <div
      className="col"
    >
      <div
        className="sc-bdVaJa fOsasd"
      >
        <div
          className="card"
        >
          <h5
            className="card-header"
          >
            Expert Registration
          </h5>
          <div
            className="card-body"
          >
            <form
              className=""
              noValidate={true}
              onSubmit={[Function]}
            >
              <div
                className="form-group"
              >
                <label
                  className="form-label"
                >
                  First Name
                </label>
                <input
                  className="form-control"
                  name="firstName"
                  onBlur={[Function]}
                  onChange={[Function]}
                  placeholder="your name"
                  type="text"
                  value=""
                />
                <div
                  className="valid-feedback"
                >
                  Looks good!
                </div>
                <div
                  className="invalid-feedback"
                />
              </div>
              <div
                className="form-group"
              >
                <label
                  className="form-label"
                >
                  Last Name
                </label>
                <input
                  className="form-control"
                  name="lastName"
                  onBlur={[Function]}
                  onChange={[Function]}
                  placeholder="your last name"
                  type="text"
                  value=""
                />
                <div
                  className="valid-feedback"
                >
                  Looks good!
                </div>
                <div
                  className="invalid-feedback"
                />
              </div>
              <div
                className="form-group"
              >
                <label
                  className="form-label"
                >
                  Email address
                </label>
                <input
                  className="form-control"
                  name="email"
                  onBlur={[Function]}
                  onChange={[Function]}
                  placeholder="Enter email"
                  type="email"
                  value=""
                />
                <div
                  className="valid-feedback"
                >
                  Looks good!
                </div>
                <div
                  className="invalid-feedback"
                />
              </div>
              <div
                className="form-group"
              >
                <label
                  className="form-label"
                  htmlFor="formBasicPassword"
                >
                  Password
                </label>
                <input
                  className="form-control"
                  id="formBasicPassword"
                  name="password"
                  onBlur={[Function]}
                  onChange={[Function]}
                  type="password"
                  value=""
                />
                <div
                  className="valid-feedback"
                >
                  Looks good!
                </div>
                <div
                  className="invalid-feedback"
                />
                <small
                  className="text-muted form-text"
                >
                  Password needs to have numbers and letters
                </small>
              </div>
              <div
                className="form-group"
              >
                <label
                  className="form-label"
                  htmlFor="formBasicPassword"
                >
                  Password Confirmation
                </label>
                <input
                  className="form-control"
                  id="formBasicPassword"
                  name="passwordConfirm"
                  onBlur={[Function]}
                  onChange={[Function]}
                  type="password"
                  value=""
                />
                <div
                  className="valid-feedback"
                >
                  Looks good!
                </div>
                <div
                  className="invalid-feedback"
                />
                <small
                  className="text-muted form-text"
                >
                  Passwords need to match
                </small>
              </div>
              <div
                className="form-group"
              >
                <label
                  className="form-label"
                >
                  Expertise
                </label>
                <select
                  className="form-control"
                  multiple={true}
                  name="expertise"
                  onBlur={[Function]}
                  onChange={[Function]}
                >
                   
                  <option
                    value="YOGA_COACH"
                  >
                    yoga coach
                  </option>
                  <option
                    value="PERSONAL_COACH"
                  >
                    personal coach
                  </option>
                  <option
                    value="NUTRITIONIST"
                  >
                    nutritionist
                  </option>
                  <option
                    value="LIFE_COACH"
                  >
                    life coach
                  </option>
                </select>
              </div>
              <div
                className="form-group"
              >
                <label
                  className="form-label"
                >
                  Your Description
                </label>
                <textarea
                  className="form-control"
                  name="description"
                  onBlur={[Function]}
                  onChange={[Function]}
                  rows={4}
                  type="text"
                  value=""
                />
                <div
                  className="valid-feedback"
                >
                  Looks good!
                </div>
                <div
                  className="invalid-feedback"
                />
              </div>
              <div
                className="form-group"
              >
                <label
                  className="form-label"
                >
                  Phone
                </label>
                <input
                  className="form-control"
                  name="phone"
                  onBlur={[Function]}
                  onChange={[Function]}
                  placeholder="Enter phone"
                  type="text"
                  value=""
                />
                <div
                  className="valid-feedback"
                >
                  Looks good!
                </div>
                <div
                  className="invalid-feedback"
                />
              </div>
              <button
                className="btn btn-outline-primary btn-block"
                disabled={false}
                type="submit"
              >
                Register
              </button>
            </form>
          </div>
        </div>
      </div>
    </div>
    <div
      className="col-md-4"
    />
  </div>
</div>
`;
