// Jest Snapshot v1, https://goo.gl/fbAQLP

exports[`Loading Component should match the snapshot when the loading state is fakse 1`] = `<div />`;

exports[`Loading Component should match the snapshot when the loading state is true 1`] = `
<div>
  <div
    className="sc-bdVaJa isMKoN"
  >
    <div
      className="spinner-grow text-success"
    >
      <span
        className="sr-only"
      >
        Loading...
      </span>
    </div>
  </div>
</div>
`;
