// Jest Snapshot v1, https://goo.gl/fbAQLP

exports[`Expert Profile Update page should match the snapshot 1`] = `
<div
  className="container-fluid"
>
  <div
    className="row"
  >
    <div
      className="col-md-4"
    />
    <div
      className="col-md-4"
    >
      <div
        className="sc-bwzfXH kUNjUS"
      >
        <div
          className="card"
        >
          <h5
            className="card-header"
          >
            Edit your Profile
          </h5>
          <div
            className="card-body"
          >
            <div
              className="sc-bdVaJa kmXoBq"
            >
              <img
                className="rounded"
              />
              <form
                className=""
                noValidate={true}
                onSubmit={[Function]}
              >
                <div
                  className="form-group"
                >
                  <label
                    className="form-label"
                  >
                    First Name
                  </label>
                  <input
                    className="form-control"
                    name="firstName"
                    onBlur={[Function]}
                    onChange={[Function]}
                    placeholder="your name"
                    type="text"
                  />
                  <div
                    className="valid-feedback"
                  >
                    Looks good!
                  </div>
                  <div
                    className="invalid-feedback"
                  />
                </div>
                <div
                  className="form-group"
                >
                  <label
                    className="form-label"
                  >
                    Last Name
                  </label>
                  <input
                    className="form-control"
                    name="lastName"
                    onBlur={[Function]}
                    onChange={[Function]}
                    placeholder="your last name"
                    type="text"
                  />
                  <div
                    className="valid-feedback"
                  >
                    Looks good!
                  </div>
                  <div
                    className="invalid-feedback"
                  />
                </div>
                <div
                  className="form-group"
                >
                  <label
                    className="form-label"
                  >
                    Your Description
                  </label>
                  <textarea
                    className="form-control"
                    name="description"
                    onBlur={[Function]}
                    onChange={[Function]}
                    rows={4}
                    type="text"
                  />
                  <div
                    className="valid-feedback"
                  >
                    Looks good!
                  </div>
                  <div
                    className="invalid-feedback"
                  />
                </div>
                <div
                  className="form-group"
                >
                  <label
                    className="form-label"
                  >
                    What type of coaching are you looking at?
                  </label>
                  <select
                    className="form-control"
                    multiple={true}
                    name="interestedInExpertiseAreas"
                    onBlur={[Function]}
                    onChange={[Function]}
                  >
                     
                    <option
                      selected={false}
                      value="YOGA_COACH"
                    >
                      Yoga Teacher
                    </option>
                    <option
                      selected={false}
                      value="PERSONAL_COACH"
                    >
                      Personal Trainer
                    </option>
                    <option
                      selected={false}
                      value="NUTRITIONIST"
                    >
                      Nutritionist
                    </option>
                    <option
                      selected={false}
                      value="LIFE_COACH"
                    >
                      Life Coach
                    </option>
                  </select>
                </div>
                <div
                  className="form-group"
                >
                  <label
                    className="form-label"
                  >
                    Phone
                  </label>
                  <input
                    className="form-control"
                    name="phone"
                    onBlur={[Function]}
                    onChange={[Function]}
                    placeholder="Enter phone"
                    type="text"
                  />
                  <div
                    className="valid-feedback"
                  >
                    Looks good!
                  </div>
                  <div
                    className="invalid-feedback"
                  />
                </div>
                <button
                  className="btn btn-outline-primary btn-block"
                  disabled={false}
                  type="submit"
                >
                  Update Profile
                </button>
              </form>
            </div>
          </div>
        </div>
      </div>
    </div>
  </div>
</div>
`;
