// Jest Snapshot v1, https://goo.gl/fbAQLP

exports[`App should match the snapshot 1`] = `
<div>
  <nav
    className="navbar navbar-expand-lg navbar-light bg-light"
  >
    <span
      className="navbar-brand"
      onClick={[Function]}
    >
      Fitmind
    </span>
    <button
      aria-controls="basic-navbar-nav"
      aria-label="Toggle navigation"
      className="navbar-toggler"
      onClick={[Function]}
      type="button"
    >
      <span
        className="navbar-toggler-icon"
      />
    </button>
    <div
      aria-expanded={null}
      className="navbar-collapse collapse"
      id="basic-navbar-nav"
    >
      <div
        className="mr-auto navbar-nav"
        onKeyDown={[Function]}
      >
        <a
          className="nav-link"
          data-rb-event-key="#home"
          href="#home"
          onClick={[Function]}
          onKeyDown={[Function]}
        >
          Listings
        </a>
        <a
          className="nav-link"
          data-rb-event-key="#link"
          href="#link"
          onClick={[Function]}
          onKeyDown={[Function]}
        >
          About
        </a>
        <a
          className="nav-link"
          data-rb-event-key="#link"
          href="#link"
          onClick={[Function]}
          onKeyDown={[Function]}
        >
          Contact
        </a>
      </div>
      <div
        className="mr-2 btn-group"
        role="group"
      >
        <button
          className="btn btn-outline-primary"
          disabled={false}
          onClick={[Function]}
          type="button"
        >
          Customers
        </button>
      </div>
      <button
        className="btn btn-outline-secondary"
        disabled={false}
        onClick={[Function]}
        type="button"
      >
        Experts
      </button>
    </div>
  </nav>
  <div />
  <div
    className="sc-bxivhb dhUpOj"
  />
  <div
    className="jumbotron"
  >
    <h1>
      Fitmind Home
    </h1>
  </div>
</div>
`;
