// Jest Snapshot v1, https://goo.gl/fbAQLP

exports[`LoginPage should match the snapshot 1`] = `
<div
  className="container-fluid"
>
  <div
    className="row"
  >
    <div
      className="col-md-4"
    />
    <div
      className="col"
    >
      <div
        className="sc-bdVaJa fOsasd"
      >
        <div
          className="card"
        >
          <h5
            className="card-header"
          >
            Login
          </h5>
          <div
            className="card-body"
          >
            <p
              className="card-text"
            >
              Please enter with your admin login credentials
            </p>
            <form
              className=""
              noValidate={true}
              onSubmit={[Function]}
            >
              <div
                className="form-group"
              >
                <label
                  className="form-label"
                >
                  Email address
                </label>
                <input
                  className="form-control"
                  name="email"
                  onBlur={[Function]}
                  onChange={[Function]}
                  placeholder="Enter email"
                  type="email"
                  value=""
                />
                <div
                  className="valid-feedback"
                >
                  Looks good!
                </div>
                <div
                  className="invalid-feedback"
                />
              </div>
              <div
                className="form-group"
              >
                <label
                  className="form-label"
                  htmlFor="formBasicPassword"
                >
                  Password
                </label>
                <input
                  className="form-control"
                  id="formBasicPassword"
                  name="password"
                  onBlur={[Function]}
                  onChange={[Function]}
                  placeholder="Password"
                  type="password"
                  value=""
                />
                <div
                  className="valid-feedback"
                >
                  Looks good!
                </div>
                <div
                  className="invalid-feedback"
                />
                <small
                  className="text-muted form-text"
                >
                  Password needs to have numbers and letters
                </small>
              </div>
              <button
                className="btn btn-outline-primary btn-block"
                disabled={false}
                type="submit"
              >
                Login
              </button>
              <button
                className="btn btn-outline-secondary btn-block"
                disabled={false}
                onClick={[Function]}
                type="button"
              >
                Register
              </button>
            </form>
          </div>
        </div>
      </div>
    </div>
    <div
      className="col-md-4"
    />
  </div>
</div>
`;
